// Jest Snapshot v1, https://goo.gl/fbAQLP

exports[`App renders app 1`] = `
<View>
  <Text
    accessible={true}
    allowFontScaling={true}
    ellipsizeMode="tail"
  >
    Hello World!
  </Text>
</View>
`;
