// Jest Snapshot v1, https://goo.gl/fbAQLP

exports[`MetaText renders correctly 1`] = `
<View
  style={
    Object {
      "alignItems": "flex-start",
      "justifyContent": "flex-start",
      "marginVertical": 12,
      "width": "100%",
    }
  }
>
  <Text
    style={
      Object {
        "color": "rgb(239, 239, 239)",
        "fontFamily": "Exo2-Medium",
        "fontSize": 13,
        "fontStyle": "normal",
        "fontWeight": "500",
        "letterSpacing": 0,
        "lineHeight": 16,
        "textAlign": "left",
      }
    }
  >
    Test Meta Text
  </Text>
</View>
`;
