// Jest Snapshot v1, https://goo.gl/fbAQLP

exports[`RelatedList renders correctly 1`] = `
<View
  style={
    Array [
      Object {},
      Object {
        "flex": 0,
        "marginLeft": 0,
        "marginTop": 20,
      },
    ]
  }
>
  <Text
    style={
      Object {
        "color": "rgb(255, 255, 255)",
        "fontFamily": "Exo2-SemiBold",
        "fontSize": 20,
        "letterSpacing": -0.4,
        "lineHeight": 26,
        "marginBottom": 20,
      }
    }
  >
    Related Videos
  </Text>
  <View
    accessible={true}
    onResponderGrant={[Function]}
    onResponderMove={[Function]}
    onResponderRelease={[Function]}
    onResponderTerminate={[Function]}
    onResponderTerminationRequest={[Function]}
    onStartShouldSetResponder={[Function]}
    style={
      Array [
        undefined,
        Object {
          "marginBottom": 24,
        },
      ]
    }
  >
    <View>
      <Image
        source={
          Object {
            "uri": "http://manager.vidibuscloud.net/mediafiles/8893/6575/6215/8eb65e3055be0136b7f5543d7edaf0a0/opener-tennis-allgemein_1024x576.jpg",
          }
        }
      />
    </View>
    <View>
      <Text
        accessible={true}
        allowFontScaling={true}
        ellipsizeMode="tail"
        numberOfLines={1}
      >
        HEUTE / 09:00 Uhr
      </Text>
      <Text
        accessible={true}
        allowFontScaling={true}
        ellipsizeMode="tail"
        numberOfLines={2}
      >
        German Masters Series â€“ TVM Open 2019 - Tag 3
      </Text>
      <Text
        accessible={true}
        allowFontScaling={true}
        ellipsizeMode="tail"
        numberOfLines={1}
      >
        Tennis
      </Text>
    </View>
  </View>
</View>
`;
